Microchip MPLAB XC8 Compiler V2.45

Linker command line:

-W-3 \
  --edf=C:\Program Files\Microchip\xc8\v2.45\pic\dat\20230818022343_en.msgs \
  -cn -h+dist/default/production\DS1307_RTC_I2C.X.production.sym \
  --cmf=dist/default/production\DS1307_RTC_I2C.X.production.cmf -z \
  -Q16F877A -oC:\Users\CHOAIB~1\AppData\Local\Temp\xcAs118.\driver_tmp_3.o \
  --defsym=__MPLAB_BUILD=1 --fixupoverflow=error \
  -Mdist/default/production/DS1307_RTC_I2C.X.production.map \
  --md=C:\Users\CHOAIB~1\AppData\Local\Temp\xcAs118.\driver_tmp_0.dat -E1 \
  -ver=XC8 Compiler --acfsm=1493 -ACODE=00h-07FFhx4 -ASTRCODE=00h-01FFFh \
  -ASTRING=00h-0FFhx32 -ACONST=00h-0FFhx32 -AENTRY=00h-0FFhx32 \
  -ACOMMON=070h-07Fh -ABANK0=020h-06Fh -ABANK1=0A0h-0EFh \
  -ABANK2=0110h-016Fh -ABANK3=0190h-01EFh \
  -ARAM=020h-06Fh,0A0h-0EFh,0110h-016Fh,0190h-01EFh \
  -AABS1=020h-07Fh,0A0h-0EFh,0110h-016Fh,0190h-01EFh -ASFR0=00h-01Fh \
  -ASFR1=080h-09Fh -ASFR2=0100h-010Fh -ASFR3=0180h-018Fh \
  -ACONFIG=02007h-02007h -DCONFIG=2 -AIDLOC=02000h-02003h -DIDLOC=2 \
  -AEEDATA=00h-0FFh/02100h -peeprom_data=EEDATA -DEEDATA=2 -DCODE=2 \
  -DSTRCODE=2 -DSTRING=2 -DCONST=2 -DENTRY=2 \
  -preset_vec=00h,intentry,init,end_init -ppowerup=CODE -pcinit=CODE \
  -pfunctab=ENTRY -k \
  C:\Users\CHOAIB~1\AppData\Local\Temp\xcAs118.\driver_tmp_12.o \
  dist/default/production\DS1307_RTC_I2C.X.production.o 

Object code version is 3.11

Machine type is 16F877A



                Name                               Link     Load   Length Selector   Space Scale
C:\Users\CHOAIB~1\AppData\Local\Temp\xcAs118.\driver_tmp_12.o
                end_init                              0        0        3        0       0
                config                             2007     2007        1        0       4
dist/default/production\DS1307_RTC_I2C.X.production.o
                cinit                               7F2      7F2        E      FE4       0
                config                             2007     2007        1        0       4
                text10                              715      715       DD      E2A       0
                text9                               544      544       67      A88       0
                text8                               4EB      4EB       59      9D6       0
                text7                               4B9      4B9       32      972       0
                text6                               5AB      5AB       A9      B56       0
                text5                               435      435       15      86A       0
                text4                               493      493       26      926       0
                text3                               44A      44A       15      894       0
                text2                               45F      45F       19      8BE       0
                text1                               478      478       1B      8F0       0
                maintext                            654      654       C1      CA8       0
                cstackBANK0                          20       20        A       20       1
                cstackCOMMON                         70       70        E       70       1
                bssBANK0                             2A       2A        8       20       1
                strings                               3        3       13        6       0

TOTAL           Name                               Link     Load   Length     Space
        CLASS   CODE           
                end_init                              0        0        3         0
                cinit                               7F2      7F2        E         0
                text10                              715      715       DD         0
                text9                               544      544       67         0
                text8                               4EB      4EB       59         0
                text7                               4B9      4B9       32         0
                text6                               5AB      5AB       A9         0
                text5                               435      435       15         0
                text4                               493      493       26         0
                text3                               44A      44A       15         0
                text2                               45F      45F       19         0
                text1                               478      478       1B         0
                maintext                            654      654       C1         0

        CLASS   STRCODE        

        CLASS   STRING         
                strings                               3        3       13         0

        CLASS   CONST          

        CLASS   ENTRY          

        CLASS   COMMON         
                cstackCOMMON                         70       70        E         1

        CLASS   BANK0          
                cstackBANK0                          20       20        A         1
                bssBANK0                             2A       2A        8         1

        CLASS   BANK1          

        CLASS   BANK2          

        CLASS   BANK3          

        CLASS   RAM            

        CLASS   ABS1           
                abs_s1                               7E       7E        2         1

        CLASS   SFR0           

        CLASS   SFR1           

        CLASS   SFR2           

        CLASS   SFR3           

        CLASS   CONFIG         
                config                             2007     2007        1         4

        CLASS   IDLOC          

        CLASS   EEDATA         

        CLASS   HEAP           

        CLASS   STACK          



SEGMENTS        Name                           Load    Length   Top    Selector   Space  Class     Delta

                reset_vec                      000000  000003  000003         0       0  CODE        2
                strings                        000003  000013  000016         6       0  STRING      2
                cstackBANK0                    000020  000012  000032        20       1  BANK0       1
                cstackCOMMON                   000070  00000E  00007E        70       1  COMMON      1
                text5                          000435  000015  00044A       86A       0  CODE        2
                text3                          00044A  000015  00045F       894       0  CODE        2
                text2                          00045F  000019  000478       8BE       0  CODE        2
                text1                          000478  00001B  000493       8F0       0  CODE        2
                text4                          000493  000026  0004B9       926       0  CODE        2
                text7                          0004B9  000032  0004EB       972       0  CODE        2
                text8                          0004EB  000059  000544       9D6       0  CODE        2
                text9                          000544  000067  0005AB       A88       0  CODE        2
                text6                          0005AB  0000A9  000654       B56       0  CODE        2
                maintext                       000654  0000C1  000715       CA8       0  CODE        2
                text10                         000715  0000DD  0007F2       E2A       0  CODE        2
                cinit                          0007F2  00000E  000800       FE4       0  CODE        2


UNUSED ADDRESS RANGES

        Name                Unused          Largest block    Delta
        BANK0            0032-006F             3E           1
        BANK1            00A0-00EF             50           1
        BANK2            0110-016F             60           1
        BANK3            0190-01EF             60           1
        CODE             0016-0434            41F           2
                         0800-1FFF            800
        CONST            0016-0434            100           2
                         0800-1FFF            100
        EEDATA           2100-21FF            100           2
        ENTRY            0016-0434            100           2
                         0800-1FFF            100
        IDLOC            2000-2003              4           2
        RAM              0032-006F             3E           1
                         00A0-00EF             50
                         0110-016F             60
                         0190-01EF             60
        SFR0             0000-001F             20           1
        SFR1             0080-009F             20           1
        SFR2             0100-010F             10           1
        SFR3             0180-018F             10           1
        STRCODE          0016-0434            41F           2
                         0800-1FFF           1800
        STRING           0016-0434            100           2
                         0800-1FFF            100

                                  Symbol Table

?___awdiv                    cstackCOMMON 0070
?___awmod                    cstackCOMMON 0070
DS1307_read@register_address cstackCOMMON 0070
DS1307_read@slave_address    cstackCOMMON 0071
DS1307_write@_date           cstackBANK0  0023
DS1307_write@_day            cstackBANK0  0022
DS1307_write@_hour           cstackBANK0  0021
DS1307_write@_min            cstackBANK0  0020
DS1307_write@_month          cstackBANK0  0024
DS1307_write@_sec            cstackBANK0  0026
DS1307_write@_year           cstackBANK0  0025
_DS1307_read                 text10       0715
_DS1307_write                text6        05AB
_PIR1bits                    (abs)        000C
_PORTB                       (abs)        0006
_PORTBbits                   (abs)        0006
_PORTD                       (abs)        0008
_SSPADD                      (abs)        0093
_SSPBUF                      (abs)        0013
_SSPCON                      (abs)        0014
_SSPCON2bits                 (abs)        0091
_SSPSTATbits                 (abs)        0094
_TRISB                       (abs)        0086
_TRISC                       (abs)        0087
_TRISD                       (abs)        0088
__H__absolute__              __absolute__ 0000
__Habs1                      abs1         0000
__Hbank0                     bank0        0000
__Hbank1                     bank1        0000
__Hbank2                     bank2        0000
__Hbank3                     bank3        0000
__HbssBANK0                  bssBANK0     0000
__Hcinit                     cinit        0800
__Hclrtext                   clrtext      0000
__Hcode                      code         0000
__Hcommon                    common       0000
__Hconfig                    config       2008
__HcstackBANK0               cstackBANK0  0000
__HcstackCOMMON              cstackCOMMON 0000
__Heeprom_data               eeprom_data  0000
__Hend_init                  end_init     0003
__Hfunctab                   functab      0000
__Hheap                      heap         0000
__Hinit                      init         0000
__Hintentry                  intentry     0000
__Hmaintext                  maintext     0000
__Hpowerup                   powerup      0000
__Hram                       ram          0000
__Hreset_vec                 reset_vec    0000
__Hsfr0                      sfr0         0000
__Hsfr1                      sfr1         0000
__Hsfr2                      sfr2         0000
__Hsfr3                      sfr3         0000
__Hspace_0                   (abs)        0800
__Hspace_1                   (abs)        007E
__Hspace_2                   (abs)        0000
__Hspace_3                   (abs)        0000
__Hspace_4                   (abs)        400F
__Hstack                     stack        0000
__Hstrings                   strings      0000
__Htext                      text         0000
__L__absolute__              __absolute__ 0000
__Labs1                      abs1         0000
__Lbank0                     bank0        0000
__Lbank1                     bank1        0000
__Lbank2                     bank2        0000
__Lbank3                     bank3        0000
__LbssBANK0                  bssBANK0     0000
__Lcinit                     cinit        07F2
__Lclrtext                   clrtext      0000
__Lcode                      code         0000
__Lcommon                    common       0000
__Lconfig                    config       0000
__LcstackBANK0               cstackBANK0  0000
__LcstackCOMMON              cstackCOMMON 0000
__Leeprom_data               eeprom_data  0000
__Lend_init                  end_init     0000
__Lfunctab                   functab      0000
__Lheap                      heap         0000
__Linit                      init         0000
__Lintentry                  intentry     0000
__Lmaintext                  maintext     0000
__Lpowerup                   powerup      0000
__Lram                       ram          0000
__Lreset_vec                 reset_vec    0000
__Lsfr0                      sfr0         0000
__Lsfr1                      sfr1         0000
__Lsfr2                      sfr2         0000
__Lsfr3                      sfr3         0000
__Lspace_0                   (abs)        0000
__Lspace_1                   (abs)        0000
__Lspace_2                   (abs)        0000
__Lspace_3                   (abs)        0000
__Lspace_4                   (abs)        0000
__Lstack                     stack        0000
__Lstrings                   strings      0000
__Ltext                      text         0000
__S0                         (abs)        0800
__S1                         (abs)        007E
__S3                         (abs)        0000
___awdiv                     text9        0544
___awdiv@counter             cstackCOMMON 0074
___awdiv@dividend            cstackCOMMON 0072
___awdiv@divisor             cstackCOMMON 0070
___awdiv@quotient            cstackCOMMON 0076
___awdiv@sign                cstackCOMMON 0075
___awmod                     text8        04EB
___awmod@counter             cstackCOMMON 0074
___awmod@dividend            cstackCOMMON 0072
___awmod@divisor             cstackCOMMON 0070
___awmod@sign                cstackCOMMON 0075
___heap_hi                   (abs)        0000
___heap_lo                   (abs)        0000
___int_sp                    stack        0000
___int_stack_hi              stack        0000
___int_stack_lo              stack        0000
___latbits                   (abs)        0002
___sp                        stack        0000
___stack_hi                  stack        0000
___stack_lo                  stack        0000
___stackhi                   (abs)        0000
___stacklo                   (abs)        0000
__conf                       bssBANK0     002A
__date                       bssBANK0     002D
__day                        bssBANK0     002E
__end_of_DS1307_read         text10       07F2
__end_of_DS1307_write        text6        0654
__end_of___awdiv             text9        05AB
__end_of___awmod             text8        0544
__end_of__initialization     cinit        07FC
__end_of__stringtab          strings      0009
__end_of_bcd_to_ascii        text4        04B9
__end_of_decimal_to_bcd      text7        04EB
__end_of_lcd_command         text3        045F
__end_of_lcd_data            text5        044A
__end_of_lcd_init            text2        0478
__end_of_lcd_word            text1        0493
__end_of_main                maintext     0715
__hour                       bssBANK0     002F
__initialization             cinit        07F2
__min                        bssBANK0     0030
__month                      bssBANK0     002C
__pbssBANK0                  bssBANK0     002A
__pcstackBANK0               cstackBANK0  0020
__pcstackCOMMON              cstackCOMMON 0070
__pmaintext                  maintext     0654
__pstrings                   strings      0003
__ptext1                     text1        0478
__ptext10                    text10       0715
__ptext2                     text2        045F
__ptext3                     text3        044A
__ptext4                     text4        0493
__ptext5                     text5        0435
__ptext6                     text6        05AB
__ptext7                     text7        04B9
__ptext8                     text8        04EB
__ptext9                     text9        0544
__sec                        bssBANK0     0031
__stringbase                 strings      0008
__stringtab                  strings      0003
__year                       bssBANK0     002B
_bcd_to_ascii                text4        0493
_decimal_to_bcd              text7        04B9
_lcd_command                 text3        044A
_lcd_data                    text5        0435
_lcd_init                    text2        045F
_lcd_word                    text1        0478
_main                        maintext     0654
bcd_to_ascii@bcd             cstackCOMMON 0074
bcd_to_ascii@value           cstackCOMMON 0075
btemp                        (abs)        007E
decimal_to_bcd@decimal       cstackCOMMON 007D
decimal_to_bcd@hex           cstackCOMMON 007C
decimal_to_bcd@lsb           cstackCOMMON 007B
decimal_to_bcd@msb           cstackCOMMON 007A
end_of_initialization        cinit        07FC
intlevel0                    functab      0000
intlevel1                    functab      0000
intlevel2                    functab      0000
intlevel3                    functab      0000
intlevel4                    functab      0000
intlevel5                    functab      0000
lcd_command@cmd              cstackCOMMON 0072
lcd_data@data                cstackCOMMON 0072
lcd_word@i                   cstackCOMMON 0075
lcd_word@len                 cstackCOMMON 0073
lcd_word@str                 cstackCOMMON 0074
reset_vec                    reset_vec    0000
start                        init         0000
start_initialization         cinit        07F2
wtemp0                       (abs)        007E


MODULE INFORMATION

Module		Function		Class		Link	Load	Size
C:\Program Files\Microchip\xc8\v2.45\pic\sources\c99\common\awmod.c
		___awmod       		CODE           	04EB	0000	89

C:\Program Files\Microchip\xc8\v2.45\pic\sources\c99\common\awmod.c estimated size: 89

shared
		__stringtab    		STRING         	0003	0000	6
		__initialization		CODE           	07F2	0000	10

shared estimated size: 16

main.c
		_lcd_command   		CODE           	044A	0000	21
		_lcd_data      		CODE           	0435	0000	21
		_bcd_to_ascii  		CODE           	0493	0000	38
		_decimal_to_bcd		CODE           	04B9	0000	50
		_main          		CODE           	0654	0000	193
		_DS1307_read   		CODE           	0715	0000	221
		_DS1307_write  		CODE           	05AB	0000	169
		_lcd_word      		CODE           	0478	0000	27
		_lcd_init      		CODE           	045F	0000	25

main.c estimated size: 765

C:\Program Files\Microchip\xc8\v2.45\pic\sources\c99\common\awdiv.c
		___awdiv       		CODE           	0544	0000	103

C:\Program Files\Microchip\xc8\v2.45\pic\sources\c99\common\awdiv.c estimated size: 103

