Microchip MPLAB XC8 Compiler V2.45

Linker command line:

-W-3 \
  --edf=C:\Program Files\Microchip\xc8\v2.45\pic\dat\20230818022343_en.msgs \
  -cn -h+dist/default/production\InterfacingLCDDisplays.X.production.sym \
  --cmf=dist/default/production\InterfacingLCDDisplays.X.production.cmf -z \
  -Q16F877A -oC:\Users\CHOAIB~1\AppData\Local\Temp\xcAs3pc.\driver_tmp_3.o \
  --defsym=__MPLAB_BUILD=1 --fixupoverflow=error \
  -Mdist/default/production/InterfacingLCDDisplays.X.production.map \
  --md=C:\Users\CHOAIB~1\AppData\Local\Temp\xcAs3pc.\driver_tmp_0.dat -E1 \
  -ver=XC8 Compiler --acfsm=1493 -ACODE=00h-07FFhx4 -ASTRCODE=00h-01FFFh \
  -ASTRING=00h-0FFhx32 -ACONST=00h-0FFhx32 -AENTRY=00h-0FFhx32 \
  -ACOMMON=070h-07Fh -ABANK0=020h-06Fh -ABANK1=0A0h-0EFh \
  -ABANK2=0110h-016Fh -ABANK3=0190h-01EFh \
  -ARAM=020h-06Fh,0A0h-0EFh,0110h-016Fh,0190h-01EFh \
  -AABS1=020h-07Fh,0A0h-0EFh,0110h-016Fh,0190h-01EFh -ASFR0=00h-01Fh \
  -ASFR1=080h-09Fh -ASFR2=0100h-010Fh -ASFR3=0180h-018Fh \
  -ACONFIG=02007h-02007h -DCONFIG=2 -AIDLOC=02000h-02003h -DIDLOC=2 \
  -AEEDATA=00h-0FFh/02100h -peeprom_data=EEDATA -DEEDATA=2 -DCODE=2 \
  -DSTRCODE=2 -DSTRING=2 -DCONST=2 -DENTRY=2 \
  -preset_vec=00h,intentry,init,end_init -ppowerup=CODE -pcinit=CODE \
  -pfunctab=ENTRY -k \
  C:\Users\CHOAIB~1\AppData\Local\Temp\xcAs3pc.\driver_tmp_12.o \
  dist/default/production\InterfacingLCDDisplays.X.production.o 

Object code version is 3.11

Machine type is 16F877A



                Name                               Link     Load   Length Selector   Space Scale
C:\Users\CHOAIB~1\AppData\Local\Temp\xcAs3pc.\driver_tmp_12.o
                end_init                              0        0        3        0       0
                config                             2007     2007        1        0       4
dist/default/production\InterfacingLCDDisplays.X.production.o
                cinit                               7FC      7FC        4      FF8       0
                config                             2007     2007        1        0       4
                text4                               773      773       15      EE6       0
                text3                               79D      79D       19      F3A       0
                text2                               788      788       15      F10       0
                text1                               7B6      7B6       1B      F6C       0
                maintext                            7D1      7D1       2B      FA2       0
                cstackCOMMON                         70       70        6       70       1
                strings                               3        3       1D        6       0

TOTAL           Name                               Link     Load   Length     Space
        CLASS   CODE           
                end_init                              0        0        3         0
                cinit                               7FC      7FC        4         0
                text4                               773      773       15         0
                text3                               79D      79D       19         0
                text2                               788      788       15         0
                text1                               7B6      7B6       1B         0
                maintext                            7D1      7D1       2B         0

        CLASS   STRCODE        

        CLASS   STRING         
                strings                               3        3       1D         0

        CLASS   CONST          

        CLASS   ENTRY          

        CLASS   COMMON         
                cstackCOMMON                         70       70        6         1

        CLASS   BANK0          

        CLASS   BANK1          

        CLASS   BANK2          

        CLASS   BANK3          

        CLASS   RAM            

        CLASS   ABS1           
                abs_s1                               7E       7E        2         1

        CLASS   SFR0           

        CLASS   SFR1           

        CLASS   SFR2           

        CLASS   SFR3           

        CLASS   CONFIG         
                config                             2007     2007        1         4

        CLASS   IDLOC          

        CLASS   EEDATA         

        CLASS   HEAP           

        CLASS   STACK          



SEGMENTS        Name                           Load    Length   Top    Selector   Space  Class     Delta

                reset_vec                      000000  000003  000003         0       0  CODE        2
                strings                        000003  00001D  000020         6       0  STRING      2
                cstackCOMMON                   000070  000006  000076        70       1  COMMON      1
                text4                          000773  000015  000788       EE6       0  CODE        2
                text2                          000788  000015  00079D       F10       0  CODE        2
                text3                          00079D  000019  0007B6       F3A       0  CODE        2
                text1                          0007B6  00001B  0007D1       F6C       0  CODE        2
                maintext                       0007D1  00002B  0007FC       FA2       0  CODE        2
                cinit                          0007FC  000004  000800       FF8       0  CODE        2


UNUSED ADDRESS RANGES

        Name                Unused          Largest block    Delta
        BANK0            0020-006F             50           1
        BANK1            00A0-00EF             50           1
        BANK2            0110-016F             60           1
        BANK3            0190-01EF             60           1
        CODE             0020-0772            753           2
                         0800-1FFF            800
        COMMON           0076-007D              8           1
        CONST            0020-0772            100           2
                         0800-1FFF            100
        EEDATA           2100-21FF            100           2
        ENTRY            0020-0772            100           2
                         0800-1FFF            100
        IDLOC            2000-2003              4           2
        RAM              0020-006F             50           1
                         00A0-00EF             50
                         0110-016F             60
                         0190-01EF             60
        SFR0             0000-001F             20           1
        SFR1             0080-009F             20           1
        SFR2             0100-010F             10           1
        SFR3             0180-018F             10           1
        STRCODE          0020-0772            753           2
                         0800-1FFF           1800
        STRING           0020-0772            100           2
                         0800-1FFF            100

                                  Symbol Table

_PORTCbits               (abs)        0007
_PORTD                   (abs)        0008
_TRISC0                  (abs)        0438
_TRISC1                  (abs)        0439
_TRISC2                  (abs)        043A
_TRISD                   (abs)        0088
__H__absolute__          __absolute__ 0000
__Habs1                  abs1         0000
__Hbank0                 bank0        0000
__Hbank1                 bank1        0000
__Hbank2                 bank2        0000
__Hbank3                 bank3        0000
__Hcinit                 cinit        0800
__Hclrtext               clrtext      0000
__Hcode                  code         0000
__Hcommon                common       0000
__Hconfig                config       2008
__HcstackCOMMON          cstackCOMMON 0000
__Heeprom_data           eeprom_data  0000
__Hend_init              end_init     0003
__Hfunctab               functab      0000
__Hheap                  heap         0000
__Hinit                  init         0000
__Hintentry              intentry     0000
__Hmaintext              maintext     0000
__Hpowerup               powerup      0000
__Hram                   ram          0000
__Hreset_vec             reset_vec    0000
__Hsfr0                  sfr0         0000
__Hsfr1                  sfr1         0000
__Hsfr2                  sfr2         0000
__Hsfr3                  sfr3         0000
__Hspace_0               (abs)        0800
__Hspace_1               (abs)        0076
__Hspace_2               (abs)        0000
__Hspace_3               (abs)        0000
__Hspace_4               (abs)        400F
__Hstack                 stack        0000
__Hstrings               strings      0000
__Htext                  text         0000
__L__absolute__          __absolute__ 0000
__Labs1                  abs1         0000
__Lbank0                 bank0        0000
__Lbank1                 bank1        0000
__Lbank2                 bank2        0000
__Lbank3                 bank3        0000
__Lcinit                 cinit        07FC
__Lclrtext               clrtext      0000
__Lcode                  code         0000
__Lcommon                common       0000
__Lconfig                config       0000
__LcstackCOMMON          cstackCOMMON 0000
__Leeprom_data           eeprom_data  0000
__Lend_init              end_init     0000
__Lfunctab               functab      0000
__Lheap                  heap         0000
__Linit                  init         0000
__Lintentry              intentry     0000
__Lmaintext              maintext     0000
__Lpowerup               powerup      0000
__Lram                   ram          0000
__Lreset_vec             reset_vec    0000
__Lsfr0                  sfr0         0000
__Lsfr1                  sfr1         0000
__Lsfr2                  sfr2         0000
__Lsfr3                  sfr3         0000
__Lspace_0               (abs)        0000
__Lspace_1               (abs)        0000
__Lspace_2               (abs)        0000
__Lspace_3               (abs)        0000
__Lspace_4               (abs)        0000
__Lstack                 stack        0000
__Lstrings               strings      0000
__Ltext                  text         0000
__S0                     (abs)        0800
__S1                     (abs)        0076
__S3                     (abs)        0000
___heap_hi               (abs)        0000
___heap_lo               (abs)        0000
___int_sp                stack        0000
___int_stack_hi          stack        0000
___int_stack_lo          stack        0000
___latbits               (abs)        0002
___sp                    stack        0000
___stack_hi              stack        0000
___stack_lo              stack        0000
___stackhi               (abs)        0000
___stacklo               (abs)        0000
__end_of__initialization cinit        07FC
__end_of__stringtab      strings      0009
__end_of_lcd_command     text4        0788
__end_of_lcd_data        text2        079D
__end_of_lcd_initialize  text3        07B6
__end_of_lcd_string      text1        07D1
__end_of_main            maintext     07FC
__initialization         cinit        07FC
__pcstackCOMMON          cstackCOMMON 0070
__pmaintext              maintext     07D1
__pstrings               strings      0003
__ptext1                 text1        07B6
__ptext2                 text2        0788
__ptext3                 text3        079D
__ptext4                 text4        0773
__stringbase             strings      0008
__stringtab              strings      0003
_lcd_command             text4        0773
_lcd_data                text2        0788
_lcd_initialize          text3        079D
_lcd_string              text1        07B6
_main                    maintext     07D1
btemp                    (abs)        007E
end_of_initialization    cinit        07FC
intlevel0                functab      0000
intlevel1                functab      0000
intlevel2                functab      0000
intlevel3                functab      0000
intlevel4                functab      0000
intlevel5                functab      0000
lcd_command@cmd          cstackCOMMON 0072
lcd_data@data            cstackCOMMON 0072
lcd_string@i             cstackCOMMON 0075
lcd_string@len           cstackCOMMON 0073
lcd_string@str           cstackCOMMON 0074
reset_vec                reset_vec    0000
start                    init         0000
start_initialization     cinit        07FC
wtemp0                   (abs)        007E


MODULE INFORMATION

Module		Function		Class		Link	Load	Size
shared
		__stringtab    		STRING         	0003	0000	6
		__initialization		CODE           	07FC	0000	1

shared estimated size: 7

main.c
		_lcd_command   		CODE           	0773	0000	21
		_lcd_data      		CODE           	0788	0000	21
		_lcd_initialize		CODE           	079D	0000	25
		_main          		CODE           	07D1	0000	43
		_lcd_string    		CODE           	07B6	0000	27

main.c estimated size: 137

