Microchip MPLAB XC8 Compiler V2.45

Linker command line:

-W-3 \
  --edf=C:\Program Files\Microchip\xc8\v2.45\pic\dat\20230818022343_en.msgs \
  -cn -h+dist/default/debug\TP7.X.debug.sym \
  --cmf=dist/default/debug\TP7.X.debug.cmf -z -Q16F877A \
  -oC:\Users\CHOAIB~1\AppData\Local\Temp\xcAsf9k.\driver_tmp_3.o \
  --defsym=__MPLAB_BUILD=1 --fixupoverflow=error \
  -Mdist/default/debug/TP7.X.debug.map \
  --md=C:\Users\CHOAIB~1\AppData\Local\Temp\xcAsf9k.\driver_tmp_0.dat -E1 \
  -ver=XC8 Compiler --acfsm=1493 -ACODE=00h-07FFhx4 -ASTRCODE=00h-01FFFh \
  -ASTRING=00h-0FFhx32 -ACONST=00h-0FFhx32 -AENTRY=00h-0FFhx32 \
  -ACOMMON=070h-07Fh -ABANK0=020h-06Fh -ABANK1=0A0h-0EFh \
  -ABANK2=0110h-016Fh -ABANK3=0190h-01EFh \
  -ARAM=020h-06Fh,0A0h-0EFh,0110h-016Fh,0190h-01EFh \
  -AABS1=020h-07Fh,0A0h-0EFh,0110h-016Fh,0190h-01EFh -ASFR0=00h-01Fh \
  -ASFR1=080h-09Fh -ASFR2=0100h-010Fh -ASFR3=0180h-018Fh \
  -ACONFIG=02007h-02007h -DCONFIG=2 -AIDLOC=02000h-02003h -DIDLOC=2 \
  -AEEDATA=00h-0FFh/02100h -peeprom_data=EEDATA -DEEDATA=2 -DCODE=2 \
  -DSTRCODE=2 -DSTRING=2 -DCONST=2 -DENTRY=2 \
  -preset_vec=00h,intentry=04h,init,end_init -ppowerup=CODE -pcinit=CODE \
  -pfunctab=ENTRY -k \
  C:\Users\CHOAIB~1\AppData\Local\Temp\xcAsf9k.\driver_tmp_12.o \
  dist/default/debug\TP7.X.debug.o 

Object code version is 3.11

Machine type is 16F877A



                Name                               Link     Load   Length Selector   Space Scale
C:\Users\CHOAIB~1\AppData\Local\Temp\xcAsf9k.\driver_tmp_12.o
                end_init                             10       10        3        8       0
                reset_vec                             0        0        3        0       0
                config                             2007     2007        1        0       4
dist/default/debug\TP7.X.debug.o
                cinit                                13       13       2B        8       0
                intentry                              4        4        C        8       0
                config                             2007     2007        1        0       4
                text12                              61F      61F       A2        8       0
                text11                              7C7      7C7       27      F8E       0
                text10                               3E       3E      345        8       0
                text9                               567      567       B8        8       0
                text8                               383      383       F5        8       0
                text7                               7EE      7EE        9      F8E       0
                text6                               731      731       69        8       0
                text5                               6C1      6C1       70        8       0
                text4                               F98      F98       16     1F30       0
                text3                               FC4      FC4       19     1F88       0
                text2                               FAE      FAE       16     1F5C       0
                text1                               FDD      FDD       23     1FBA       0
                maintext                            478      478       EF        8       0
                cstackBANK0                          20       20       20       20       1
                cstackCOMMON                         70       70        E       70       1
                cstackBANK1                          A0       A0       12       A0       1
                dataBANK0                            4F       4F        4       20       1
                bssBANK0                             40       40        F       20       1
                strings                             79A      79A       2D      F34       0
                idataBANK0                          7F7      7F7        4      F8E       0

TOTAL           Name                               Link     Load   Length     Space
        CLASS   CODE           
                end_init                             10       10        3         0
                cinit                                13       13       2B         0
                intentry                              4        4        C         0
                reset_vec                             0        0        3         0
                text12                              61F      61F       A2         0
                text11                              7C7      7C7       27         0
                text10                               3E       3E      345         0
                text9                               567      567       B8         0
                text8                               383      383       F5         0
                text7                               7EE      7EE        9         0
                text6                               731      731       69         0
                text5                               6C1      6C1       70         0
                text4                               F98      F98       16         0
                text3                               FC4      FC4       19         0
                text2                               FAE      FAE       16         0
                text1                               FDD      FDD       23         0
                maintext                            478      478       EF         0
                idataBANK0                          7F7      7F7        4         0

        CLASS   STRCODE        

        CLASS   STRING         
                strings                             79A      79A       2D         0

        CLASS   CONST          

        CLASS   ENTRY          

        CLASS   COMMON         
                cstackCOMMON                         70       70        E         1

        CLASS   BANK0          
                cstackBANK0                          20       20       20         1
                dataBANK0                            4F       4F        4         1
                bssBANK0                             40       40        F         1

        CLASS   BANK1          
                cstackBANK1                          A0       A0       12         1

        CLASS   BANK2          

        CLASS   BANK3          

        CLASS   RAM            

        CLASS   ABS1           
                abs_s1                               7E       7E        2         1

        CLASS   SFR0           

        CLASS   SFR1           

        CLASS   SFR2           

        CLASS   SFR3           

        CLASS   CONFIG         
                config                             2007     2007        1         4

        CLASS   IDLOC          

        CLASS   EEDATA         

        CLASS   HEAP           

        CLASS   STACK          



SEGMENTS        Name                           Load    Length   Top    Selector   Space  Class     Delta

                reset_vec                      000000  000003  000003         0       0  CODE        2
                intentry                       000004  000796  00079A         8       0  CODE        2
                cstackBANK0                    000020  000033  000053        20       1  BANK0       1
                cstackCOMMON                   000070  00000E  00007E        70       1  COMMON      1
                cstackBANK1                    0000A0  000012  0000B2        A0       1  BANK1       1
                strings                        00079A  00002D  0007C7       F34       0  STRING      2
                text11                         0007C7  000034  0007FB       F8E       0  CODE        2
                text4                          000F98  000016  000FAE      1F30       0  CODE        2
                text2                          000FAE  000016  000FC4      1F5C       0  CODE        2
                text3                          000FC4  000019  000FDD      1F88       0  CODE        2
                text1                          000FDD  000023  001000      1FBA       0  CODE        2


UNUSED ADDRESS RANGES

        Name                Unused          Largest block    Delta
        BANK0            0053-006F             1D           1
        BANK1            00B2-00EF             3E           1
        BANK2            0110-016F             60           1
        BANK3            0190-01EF             60           1
        CODE             0003-0003              1           2
                         07FB-0F97              5
                         1000-1FFF            800
        CONST            0003-0003              1           2
                         07FB-0F97            100
                         1000-1FFF            100
        EEDATA           2100-21FF            100           2
        ENTRY            0003-0003              1           2
                         07FB-0F97            100
                         1000-1FFF            100
        IDLOC            2000-2003              4           2
        RAM              0053-006F             1D           1
                         00B2-00EF             3E
                         0110-016F             60
                         0190-01EF             60
        SFR0             0000-001F             20           1
        SFR1             0080-009F             20           1
        SFR2             0100-010F             10           1
        SFR3             0180-018F             10           1
        STRCODE          0003-0003              1           2
                         07FB-0F97            79D
                         1000-1FFF           1000
        STRING           0003-0003              1           2
                         07FB-0F97            100
                         1000-1FFF            100

                                  Symbol Table

?__Umul8_16               cstackCOMMON 0070
?___awdiv                 cstackBANK1  00A0
?___awmod                 cstackBANK1  00A0
?___flmul                 cstackBANK0  0020
?___xxtofl                cstackCOMMON 0070
_ADCON0                   (abs)        001F
_ADCON0bits               (abs)        001F
_ADCON1                   (abs)        009F
_ADC_Init                 text7        07EE
_ADRESH                   (abs)        001E
_ADRESL                   (abs)        009E
_INTCON                   (abs)        000B
_InterruptRoutine         text8        0383
_OPTION_REG               (abs)        0081
_PIE1bits                 (abs)        008C
_PIR1bits                 (abs)        000C
_PORTBbits                (abs)        0006
_PORTCbits                (abs)        0007
_PORTD                    (abs)        0008
_TRISBbits                (abs)        0086
_TRISCbits                (abs)        0087
_TRISD                    (abs)        0088
__H__absolute__           __absolute__ 0000
__Habs1                   abs1         0000
__Hbank0                  bank0        0000
__Hbank1                  bank1        0000
__Hbank2                  bank2        0000
__Hbank3                  bank3        0000
__HbssBANK0               bssBANK0     0000
__Hcinit                  cinit        003E
__Hclrtext                clrtext      0000
__Hcode                   code         0000
__Hcommon                 common       0000
__Hconfig                 config       2008
__HcstackBANK0            cstackBANK0  0000
__HcstackBANK1            cstackBANK1  0000
__HcstackCOMMON           cstackCOMMON 0000
__HdataBANK0              dataBANK0    0000
__Heeprom_data            eeprom_data  0000
__Hend_init               end_init     0013
__Hfunctab                functab      0000
__Hheap                   heap         0000
__HidataBANK0             idataBANK0   0000
__Hinit                   init         0010
__Hintentry               intentry     0010
__Hmaintext               maintext     0000
__Hpowerup                powerup      0000
__Hram                    ram          0000
__Hreset_vec              reset_vec    0003
__Hsfr0                   sfr0         0000
__Hsfr1                   sfr1         0000
__Hsfr2                   sfr2         0000
__Hsfr3                   sfr3         0000
__Hspace_0                (abs)        1000
__Hspace_1                (abs)        00B2
__Hspace_2                (abs)        0000
__Hspace_3                (abs)        0000
__Hspace_4                (abs)        400F
__Hstack                  stack        0000
__Hstrings                strings      0000
__Htext                   text         0000
__L__absolute__           __absolute__ 0000
__Labs1                   abs1         0000
__Lbank0                  bank0        0000
__Lbank1                  bank1        0000
__Lbank2                  bank2        0000
__Lbank3                  bank3        0000
__LbssBANK0               bssBANK0     0000
__Lcinit                  cinit        0013
__Lclrtext                clrtext      0000
__Lcode                   code         0000
__Lcommon                 common       0000
__Lconfig                 config       0000
__LcstackBANK0            cstackBANK0  0000
__LcstackBANK1            cstackBANK1  0000
__LcstackCOMMON           cstackCOMMON 0000
__LdataBANK0              dataBANK0    0000
__Leeprom_data            eeprom_data  0000
__Lend_init               end_init     0010
__Lfunctab                functab      0000
__Lheap                   heap         0000
__LidataBANK0             idataBANK0   0000
__Linit                   init         0010
__Lintentry               intentry     0004
__Lmaintext               maintext     0000
__Lpowerup                powerup      0000
__Lram                    ram          0000
__Lreset_vec              reset_vec    0000
__Lsfr0                   sfr0         0000
__Lsfr1                   sfr1         0000
__Lsfr2                   sfr2         0000
__Lsfr3                   sfr3         0000
__Lspace_0                (abs)        0000
__Lspace_1                (abs)        0000
__Lspace_2                (abs)        0000
__Lspace_3                (abs)        0000
__Lspace_4                (abs)        0000
__Lstack                  stack        0000
__Lstrings                strings      0000
__Ltext                   text         0000
__S0                      (abs)        1000
__S1                      (abs)        00B2
__S3                      (abs)        0000
__Umul8_16                text11       07C7
__Umul8_16@multiplicand   cstackCOMMON 0070
__Umul8_16@multiplier     cstackCOMMON 0078
__Umul8_16@product        cstackCOMMON 0074
__Umul8_16@word_mpld      cstackCOMMON 0076
___awdiv                  text6        0731
___awdiv@counter          cstackBANK1  00A4
___awdiv@dividend         cstackBANK1  00A2
___awdiv@divisor          cstackBANK1  00A0
___awdiv@quotient         cstackBANK1  00A6
___awdiv@sign             cstackBANK1  00A5
___awmod                  text5        06C1
___awmod@counter          cstackBANK0  003D
___awmod@dividend         cstackBANK1  00A2
___awmod@divisor          cstackBANK1  00A0
___awmod@sign             cstackBANK0  003E
___flge                   text12       061F
___flge@ff1               cstackCOMMON 0070
___flge@ff2               cstackCOMMON 0074
___flmul                  text10       003E
___flmul@a                cstackBANK0  0024
___flmul@aexp             cstackBANK0  0032
___flmul@b                cstackBANK0  0020
___flmul@bexp             cstackBANK0  0033
___flmul@grs              cstackBANK0  002E
___flmul@prod             cstackBANK0  0034
___flmul@sign             cstackBANK0  002D
___flmul@temp             cstackBANK0  0038
___heap_hi                (abs)        0000
___heap_lo                (abs)        0000
___int_sp                 stack        0000
___int_stack_hi           stack        0000
___int_stack_lo           stack        0000
___latbits                (abs)        0002
___sp                     stack        0000
___stack_hi               stack        0000
___stack_lo               stack        0000
___stackhi                (abs)        0000
___stacklo                (abs)        0000
___xxtofl                 text9        0567
___xxtofl@arg             cstackCOMMON 007A
___xxtofl@exp             cstackCOMMON 0079
___xxtofl@sign            cstackCOMMON 0078
___xxtofl@val             cstackCOMMON 0070
__end_of_ADC_Init         text7        07F7
__end_of_InterruptRoutine text8        0478
__end_of__Umul8_16        text11       07EE
__end_of___awdiv          text6        079A
__end_of___awmod          text5        0731
__end_of___flge           text12       06C1
__end_of___flmul          text10       0383
__end_of___xxtofl         text9        061F
__end_of__initialization  cinit        003A
__end_of__stringtab       strings      07A0
__end_of_lcd_command      text4        0FAE
__end_of_lcd_data         text2        0FC4
__end_of_lcd_initialize   text3        0FDD
__end_of_lcd_string       text1        1000
__end_of_main             maintext     0567
__initialization          cinit        0013
__pbssBANK0               bssBANK0     0040
__pcstackBANK0            cstackBANK0  0020
__pcstackBANK1            cstackBANK1  00A0
__pcstackCOMMON           cstackCOMMON 0070
__pdataBANK0              dataBANK0    004F
__pidataBANK0             idataBANK0   07F7
__pintentry               intentry     0004
__pmaintext               maintext     0478
__pstrings                strings      079A
__ptext1                  text1        0FDD
__ptext10                 text10       003E
__ptext11                 text11       07C7
__ptext12                 text12       061F
__ptext2                  text2        0FAE
__ptext3                  text3        0FC4
__ptext4                  text4        0F98
__ptext5                  text5        06C1
__ptext6                  text6        0731
__ptext7                  text7        07EE
__ptext8                  text8        0383
__ptext9                  text9        0567
__stringbase              strings      079F
__stringtab               strings      079A
_colorIndex               bssBANK0     004C
_colors                   dataBANK0    004F
_lcd_command              text4        0F98
_lcd_data                 text2        0FAE
_lcd_initialize           text3        0FC4
_lcd_string               text1        0FDD
_main                     maintext     0478
_numbers                  bssBANK0     0040
_tension                  bssBANK0     0048
_valeurADC                bssBANK0     004D
btemp                     (abs)        007E
end_of_initialization     cinit        003A
interrupt_function        intentry     0004
intlevel0                 functab      0000
intlevel1                 functab      0000
intlevel2                 functab      0000
intlevel3                 functab      0000
intlevel4                 functab      0000
intlevel5                 functab      0000
lcd_command@cmd           cstackBANK0  003F
lcd_data@data             cstackBANK0  003F
lcd_string@str            cstackBANK1  00A0
main@a                    cstackBANK1  00AE
main@b                    cstackBANK1  00B0
reset_vec                 reset_vec    0000
saved_w                   (abs)        007E
start                     init         0010
start_initialization      cinit        0013
wtemp0                    (abs)        007E


MODULE INFORMATION

Module		Function		Class		Link	Load	Size
C:\Program Files\Microchip\xc8\v2.45\pic\sources\c99\common\sprcmul.c
		___flmul       		CODE           	003E	0000	837

C:\Program Files\Microchip\xc8\v2.45\pic\sources\c99\common\sprcmul.c estimated size: 837

C:\Program Files\Microchip\xc8\v2.45\pic\sources\c99\common\awmod.c
		___awmod       		CODE           	06C1	0000	112

C:\Program Files\Microchip\xc8\v2.45\pic\sources\c99\common\awmod.c estimated size: 112

C:\Program Files\Microchip\xc8\v2.45\pic\sources\c99\common\flge.c
		___flge        		CODE           	061F	0000	162

C:\Program Files\Microchip\xc8\v2.45\pic\sources\c99\common\flge.c estimated size: 162

shared
		__stringtab    		STRING         	079A	0000	6
		__initialization		CODE           	0013	0000	39

shared estimated size: 45

C:\Program Files\Microchip\xc8\v2.45\pic\sources\c99\common\xxtofl.c
		___xxtofl      		CODE           	0567	0000	184

C:\Program Files\Microchip\xc8\v2.45\pic\sources\c99\common\xxtofl.c estimated size: 184

C:\Program Files\Microchip\xc8\v2.45\pic\sources\c99\common\Umul8_16.c
		__Umul8_16     		CODE           	07C7	0000	39

C:\Program Files\Microchip\xc8\v2.45\pic\sources\c99\common\Umul8_16.c estimated size: 39

main.c
		_lcd_command   		CODE           	0F98	0000	22
		_lcd_data      		CODE           	0FAE	0000	22
		_lcd_initialize		CODE           	0FC4	0000	25
		_main          		CODE           	0478	0000	239
		_InterruptRoutine		CODE           	0383	0000	245
		_ADC_Init      		CODE           	07EE	0000	9
		_lcd_string    		CODE           	0FDD	0000	35

main.c estimated size: 597

C:\Program Files\Microchip\xc8\v2.45\pic\sources\c99\common\awdiv.c
		___awdiv       		CODE           	0731	0000	105

C:\Program Files\Microchip\xc8\v2.45\pic\sources\c99\common\awdiv.c estimated size: 105

