Microchip MPLAB XC8 Compiler V2.45

Linker command line:

-W-3 \
  --edf=C:\Program Files\Microchip\xc8\v2.45\pic\dat\20230818022343_en.msgs \
  -cn -h+dist/default/production\EEPROM.X.production.sym \
  --cmf=dist/default/production\EEPROM.X.production.cmf -z -Q16F877A \
  -oC:\Users\CHOAIB~1\AppData\Local\Temp\xcAsip4.\driver_tmp_3.o \
  --defsym=__MPLAB_BUILD=1 --fixupoverflow=error \
  -Mdist/default/production/EEPROM.X.production.map \
  --md=C:\Users\CHOAIB~1\AppData\Local\Temp\xcAsip4.\driver_tmp_0.dat -E1 \
  -ver=XC8 Compiler --acfsm=1493 -ACODE=00h-07FFhx4 -ASTRCODE=00h-01FFFh \
  -ASTRING=00h-0FFhx32 -ACONST=00h-0FFhx32 -AENTRY=00h-0FFhx32 \
  -ACOMMON=070h-07Fh -ABANK0=020h-06Fh -ABANK1=0A0h-0EFh \
  -ABANK2=0110h-016Fh -ABANK3=0190h-01EFh \
  -ARAM=020h-06Fh,0A0h-0EFh,0110h-016Fh,0190h-01EFh \
  -AABS1=020h-07Fh,0A0h-0EFh,0110h-016Fh,0190h-01EFh -ASFR0=00h-01Fh \
  -ASFR1=080h-09Fh -ASFR2=0100h-010Fh -ASFR3=0180h-018Fh \
  -ACONFIG=02007h-02007h -DCONFIG=2 -AIDLOC=02000h-02003h -DIDLOC=2 \
  -AEEDATA=00h-0FFh/02100h -peeprom_data=EEDATA -DEEDATA=2 -DCODE=2 \
  -DSTRCODE=2 -DSTRING=2 -DCONST=2 -DENTRY=2 \
  -preset_vec=00h,intentry,init,end_init -ppowerup=CODE -pcinit=CODE \
  -pfunctab=ENTRY -k \
  C:\Users\CHOAIB~1\AppData\Local\Temp\xcAsip4.\driver_tmp_12.o \
  dist/default/production\EEPROM.X.production.o 

Object code version is 3.11

Machine type is 16F877A



                Name                               Link     Load   Length Selector   Space Scale
C:\Users\CHOAIB~1\AppData\Local\Temp\xcAsip4.\driver_tmp_12.o
                end_init                              0        0        3        0       0
                config                             2007     2007        1        0       4
dist/default/production\EEPROM.X.production.o
                cinit                               7FB      7FB        5      FF6       0
                config                             2007     2007        1        0       4
                text6                               6C6      6C6       15      D8C       0
                text5                               708      708       19      E10       0
                text4                               6DB      6DB       15      DB6       0
                text3                               721      721       1F      E42       0
                text2                               6B8      6B8        E      D70       0
                text1                               6F0      6F0       18      DE0       0
                maintext                            740      740       BB      E80       0
                cstackCOMMON                         70       70        7       70       1
                bssCOMMON                            77       77        1       70       1
                strings                               3        3       13        6       0

TOTAL           Name                               Link     Load   Length     Space
        CLASS   CODE           
                end_init                              0        0        3         0
                cinit                               7FB      7FB        5         0
                text6                               6C6      6C6       15         0
                text5                               708      708       19         0
                text4                               6DB      6DB       15         0
                text3                               721      721       1F         0
                text2                               6B8      6B8        E         0
                text1                               6F0      6F0       18         0
                maintext                            740      740       BB         0

        CLASS   STRCODE        

        CLASS   STRING         
                strings                               3        3       13         0

        CLASS   CONST          

        CLASS   ENTRY          

        CLASS   COMMON         
                cstackCOMMON                         70       70        7         1
                bssCOMMON                            77       77        1         1

        CLASS   BANK0          

        CLASS   BANK1          

        CLASS   BANK2          

        CLASS   BANK3          

        CLASS   RAM            

        CLASS   ABS1           
                abs_s1                               7E       7E        2         1

        CLASS   SFR0           

        CLASS   SFR1           

        CLASS   SFR2           

        CLASS   SFR3           

        CLASS   CONFIG         
                config                             2007     2007        1         4

        CLASS   IDLOC          

        CLASS   EEDATA         

        CLASS   HEAP           

        CLASS   STACK          



SEGMENTS        Name                           Load    Length   Top    Selector   Space  Class     Delta

                reset_vec                      000000  000003  000003         0       0  CODE        2
                strings                        000003  000013  000016         6       0  STRING      2
                cstackCOMMON                   000070  000008  000078        70       1  COMMON      1
                text2                          0006B8  00000E  0006C6       D70       0  CODE        2
                text6                          0006C6  000015  0006DB       D8C       0  CODE        2
                text4                          0006DB  000015  0006F0       DB6       0  CODE        2
                text1                          0006F0  000018  000708       DE0       0  CODE        2
                text5                          000708  000019  000721       E10       0  CODE        2
                text3                          000721  00001F  000740       E42       0  CODE        2
                maintext                       000740  0000BB  0007FB       E80       0  CODE        2
                cinit                          0007FB  000005  000800       FF6       0  CODE        2


UNUSED ADDRESS RANGES

        Name                Unused          Largest block    Delta
        BANK0            0020-006F             50           1
        BANK1            00A0-00EF             50           1
        BANK2            0110-016F             60           1
        BANK3            0190-01EF             60           1
        CODE             0016-06B7            6A2           2
                         0800-1FFF            800
        COMMON           0078-007D              6           1
        CONST            0016-06B7            100           2
                         0800-1FFF            100
        EEDATA           2100-21FF            100           2
        ENTRY            0016-06B7            100           2
                         0800-1FFF            100
        IDLOC            2000-2003              4           2
        RAM              0020-006F             50           1
                         00A0-00EF             50
                         0110-016F             60
                         0190-01EF             60
        SFR0             0000-001F             20           1
        SFR1             0080-009F             20           1
        SFR2             0100-010F             10           1
        SFR3             0180-018F             10           1
        STRCODE          0016-06B7            6A2           2
                         0800-1FFF           1800
        STRING           0016-06B7            100           2
                         0800-1FFF            100

                                  Symbol Table

_EEADR                   (abs)        010D
_EECON1bits              (abs)        018C
_EECON2                  (abs)        018D
_EEDATA                  (abs)        010C
_PIR2bits                (abs)        000D
_PORTCbits               (abs)        0007
_PORTD                   (abs)        0008
_TRISCbits               (abs)        0087
_TRISD                   (abs)        0088
__H__absolute__          __absolute__ 0000
__Habs1                  abs1         0000
__Hbank0                 bank0        0000
__Hbank1                 bank1        0000
__Hbank2                 bank2        0000
__Hbank3                 bank3        0000
__HbssCOMMON             bssCOMMON    0000
__Hcinit                 cinit        0800
__Hclrtext               clrtext      0000
__Hcode                  code         0000
__Hcommon                common       0000
__Hconfig                config       2008
__HcstackCOMMON          cstackCOMMON 0000
__Heeprom_data           eeprom_data  0000
__Hend_init              end_init     0003
__Hfunctab               functab      0000
__Hheap                  heap         0000
__Hinit                  init         0000
__Hintentry              intentry     0000
__Hmaintext              maintext     0000
__Hpowerup               powerup      0000
__Hram                   ram          0000
__Hreset_vec             reset_vec    0000
__Hsfr0                  sfr0         0000
__Hsfr1                  sfr1         0000
__Hsfr2                  sfr2         0000
__Hsfr3                  sfr3         0000
__Hspace_0               (abs)        0800
__Hspace_1               (abs)        0078
__Hspace_2               (abs)        0000
__Hspace_3               (abs)        0000
__Hspace_4               (abs)        400F
__Hstack                 stack        0000
__Hstrings               strings      0000
__Htext                  text         0000
__L__absolute__          __absolute__ 0000
__Labs1                  abs1         0000
__Lbank0                 bank0        0000
__Lbank1                 bank1        0000
__Lbank2                 bank2        0000
__Lbank3                 bank3        0000
__LbssCOMMON             bssCOMMON    0000
__Lcinit                 cinit        07FB
__Lclrtext               clrtext      0000
__Lcode                  code         0000
__Lcommon                common       0000
__Lconfig                config       0000
__LcstackCOMMON          cstackCOMMON 0000
__Leeprom_data           eeprom_data  0000
__Lend_init              end_init     0000
__Lfunctab               functab      0000
__Lheap                  heap         0000
__Linit                  init         0000
__Lintentry              intentry     0000
__Lmaintext              maintext     0000
__Lpowerup               powerup      0000
__Lram                   ram          0000
__Lreset_vec             reset_vec    0000
__Lsfr0                  sfr0         0000
__Lsfr1                  sfr1         0000
__Lsfr2                  sfr2         0000
__Lsfr3                  sfr3         0000
__Lspace_0               (abs)        0000
__Lspace_1               (abs)        0000
__Lspace_2               (abs)        0000
__Lspace_3               (abs)        0000
__Lspace_4               (abs)        0000
__Lstack                 stack        0000
__Lstrings               strings      0000
__Ltext                  text         0000
__S0                     (abs)        0800
__S1                     (abs)        0078
__S3                     (abs)        0000
___heap_hi               (abs)        0000
___heap_lo               (abs)        0000
___int_sp                stack        0000
___int_stack_hi          stack        0000
___int_stack_lo          stack        0000
___latbits               (abs)        0002
___sp                    stack        0000
___stack_hi              stack        0000
___stack_lo              stack        0000
___stackhi               (abs)        0000
___stacklo               (abs)        0000
__end_of__initialization cinit        07FC
__end_of__stringtab      strings      0009
__end_of_lcd_command     text6        06DB
__end_of_lcd_data        text4        06F0
__end_of_lcd_initialize  text5        0721
__end_of_lcd_string      text3        0740
__end_of_main            maintext     07FB
__end_of_readByteFromEE  text2        06C6
__end_of_writeByteToEE   text1        0708
__initialization         cinit        07FB
__pbssCOMMON             bssCOMMON    0077
__pcstackCOMMON          cstackCOMMON 0070
__pmaintext              maintext     0740
__pstrings               strings      0003
__ptext1                 text1        06F0
__ptext2                 text2        06B8
__ptext3                 text3        0721
__ptext4                 text4        06DB
__ptext5                 text5        0708
__ptext6                 text6        06C6
__stringbase             strings      0008
__stringtab              strings      0003
_byte                    bssCOMMON    0077
_lcd_command             text6        06C6
_lcd_data                text4        06DB
_lcd_initialize          text5        0708
_lcd_string              text3        0721
_main                    maintext     0740
_readByteFromEE          text2        06B8
_writeByteToEE           text1        06F0
btemp                    (abs)        007E
end_of_initialization    cinit        07FC
intlevel0                functab      0000
intlevel1                functab      0000
intlevel2                functab      0000
intlevel3                functab      0000
intlevel4                functab      0000
intlevel5                functab      0000
lcd_command@cmd          cstackCOMMON 0072
lcd_data@data            cstackCOMMON 0072
lcd_string@str           cstackCOMMON 0073
readByteFromEE@address   cstackCOMMON 0070
reset_vec                reset_vec    0000
start                    init         0000
start_initialization     cinit        07FB
writeByteToEE@address    cstackCOMMON 0070
writeByteToEE@data       cstackCOMMON 0071
wtemp0                   (abs)        007E


MODULE INFORMATION

Module		Function		Class		Link	Load	Size
shared
		__stringtab    		STRING         	0003	0000	6
		__initialization		CODE           	07FB	0000	1

shared estimated size: 7

main.c
		_lcd_command   		CODE           	06C6	0000	21
		_lcd_data      		CODE           	06DB	0000	21
		_readByteFromEE		CODE           	06B8	0000	14
		_lcd_initialize		CODE           	0708	0000	25
		_main          		CODE           	0740	0000	187
		_writeByteToEE 		CODE           	06F0	0000	24
		_lcd_string    		CODE           	0721	0000	31

main.c estimated size: 323

